2026-01-20 10:59:02,732 - INFO - Carregando leiloeiros de: LISTA_MESTRE_LEILOEIROS.csv
2026-01-20 10:59:02,814 - INFO - Total de leiloeiros carregados: 289
2026-01-20 10:59:02,815 - INFO - (SEM FILTRO - processando TODOS)
2026-01-20 10:59:28,935 - INFO - INICIANDO MAPEAMENTO DE 289 LEILOEIROS
2026-01-20 10:59:28,937 - INFO - 
[1/289] ========================================
2026-01-20 10:59:28,937 - INFO - Analisando: Depaulaonline
2026-01-20 10:59:46,636 - INFO -    Tipo: NUMERIC | Itens: None | Paginas: 2
2026-01-20 10:59:48,141 - INFO - 
[2/289] ========================================
2026-01-20 10:59:48,142 - INFO - Analisando: Unileiloes
2026-01-20 10:59:56,407 - INFO -    Tipo: INFINITE_SCROLL | Itens: 4 | Paginas: None
2026-01-20 10:59:57,921 - INFO - 
[3/289] ========================================
2026-01-20 10:59:57,923 - INFO - Analisando: Sfrazao
2026-01-20 11:00:02,137 - INFO -    Tipo: OFFLINE | Itens: None | Paginas: None
2026-01-20 11:00:03,650 - INFO - 
[4/289] ========================================
2026-01-20 11:00:03,651 - INFO - Analisando: Sodresantoro
2026-01-20 11:00:23,989 - INFO -    Tipo: TABS_FILTER | Itens: 183 | Paginas: None
2026-01-20 11:00:25,497 - INFO - 
[5/289] ========================================
2026-01-20 11:00:25,497 - INFO - Analisando: Leiloes
2026-01-20 11:01:00,231 - INFO -    Tipo: TABS_FILTER | Itens: None | Paginas: None
2026-01-20 11:01:01,743 - INFO - 
[6/289] ========================================
2026-01-20 11:01:01,743 - INFO - Analisando: Grupoarremateleiloes
2026-01-20 11:01:04,178 - INFO -    Tipo: OFFLINE | Itens: None | Paginas: None
2026-01-20 11:01:05,692 - INFO - 
[7/289] ========================================
2026-01-20 11:01:05,694 - INFO - Analisando: Sold
2026-01-20 11:01:20,414 - INFO -    Tipo: SINGLE_PAGE | Itens: None | Paginas: 1
2026-01-20 11:01:21,928 - INFO - 
[8/289] ========================================
2026-01-20 11:01:21,929 - INFO - Analisando: Milanleiloes
2026-01-20 11:01:22,897 - INFO -    Tipo: OFFLINE | Itens: None | Paginas: None
2026-01-20 11:01:24,410 - INFO - 
[9/289] ========================================
2026-01-20 11:01:24,410 - INFO - Analisando: Leilaovip
2026-01-20 11:01:32,807 - INFO -    Tipo: SINGLE_PAGE | Itens: None | Paginas: 1
2026-01-20 11:01:34,308 - INFO - 
[10/289] ========================================
2026-01-20 11:01:34,309 - INFO - Analisando: Hastavip
2026-01-20 11:01:47,941 - INFO -    Tipo: TABS_FILTER | Itens: None | Paginas: None
2026-01-20 11:01:49,457 - INFO - 
[11/289] ========================================
2026-01-20 11:01:49,457 - INFO - Analisando: Bestleiloes
2026-01-20 11:01:51,426 - INFO -    Tipo: OFFLINE | Itens: None | Paginas: None
2026-01-20 11:01:52,938 - INFO - 
[12/289] ========================================
2026-01-20 11:01:52,938 - INFO - Analisando: Satoleiloes
2026-01-20 11:01:53,421 - INFO -    Tipo: OFFLINE | Itens: None | Paginas: None
2026-01-20 11:01:54,934 - INFO - 
[13/289] ========================================
2026-01-20 11:01:54,936 - INFO - Analisando: Casareisleiloesonline
2026-01-20 11:01:55,622 - INFO -    Tipo: OFFLINE | Itens: None | Paginas: None
2026-01-20 11:01:57,135 - INFO - 
[14/289] ========================================
2026-01-20 11:01:57,135 - INFO - Analisando: Megaleiloes
2026-01-20 11:02:08,829 - INFO -    Validacao OK: Megaleiloes = NUMERIC
2026-01-20 11:02:08,829 - INFO -    Tipo: NUMERIC | Itens: None | Paginas: 17
2026-01-20 11:02:10,356 - INFO - 
[15/289] ========================================
2026-01-20 11:02:10,357 - INFO - Analisando: Biasileiloes
2026-01-20 11:02:14,077 - INFO -    Tipo: OFFLINE | Itens: None | Paginas: None
2026-01-20 11:02:15,586 - INFO - 
[16/289] ========================================
2026-01-20 11:02:15,586 - INFO - Analisando: Leje
2026-01-20 11:02:30,286 - INFO -    Tipo: TABS_FILTER | Itens: None | Paginas: None
2026-01-20 11:02:31,822 - INFO - 
[17/289] ========================================
2026-01-20 11:02:31,822 - INFO - Analisando: Leilaobrasil
2026-01-20 11:02:39,317 - INFO -    Tipo: OFFLINE | Itens: None | Paginas: None
2026-01-20 11:02:40,830 - INFO - 
[18/289] ========================================
2026-01-20 11:02:40,830 - INFO - Analisando: Hastapublica
2026-01-20 11:02:41,214 - INFO -    Tipo: OFFLINE | Itens: None | Paginas: None
2026-01-20 11:02:42,728 - INFO - 
[19/289] ========================================
2026-01-20 11:02:42,729 - INFO - Analisando: Lancetotal
2026-01-20 11:02:43,346 - INFO -    Tipo: OFFLINE | Itens: None | Paginas: None
2026-01-20 11:02:44,862 - INFO - 
[20/289] ========================================
2026-01-20 11:02:44,863 - INFO - Analisando: Freitasleiloeiro
2026-01-20 11:02:55,503 - INFO -    Tipo: SINGLE_PAGE | Itens: None | Paginas: 1
2026-01-20 11:02:57,010 - INFO - 
[21/289] ========================================
2026-01-20 11:02:57,011 - INFO - Analisando: Frazaoleiloes
2026-01-20 11:03:05,483 - INFO -    Validacao OK: Frazaoleiloes = INFINITE_SCROLL
2026-01-20 11:03:05,484 - INFO -    Tipo: INFINITE_SCROLL | Itens: 40 | Paginas: None
2026-01-20 11:03:06,993 - INFO - 
[22/289] ========================================
2026-01-20 11:03:06,994 - INFO - Analisando: Francoleiloes
2026-01-20 11:03:20,034 - INFO -    Tipo: OFFLINE | Itens: None | Paginas: None
2026-01-20 11:03:21,545 - INFO - 
[23/289] ========================================
2026-01-20 11:03:21,546 - INFO - Analisando: Vivaleiloes
2026-01-20 11:03:23,316 - INFO -    Tipo: OFFLINE | Itens: None | Paginas: None
2026-01-20 11:03:24,823 - INFO - 
[24/289] ========================================
2026-01-20 11:03:24,824 - INFO - Analisando: Vizeuonline
2026-01-20 11:03:25,463 - INFO -    Tipo: OFFLINE | Itens: None | Paginas: None
2026-01-20 11:03:26,970 - INFO - 
[25/289] ========================================
2026-01-20 11:03:26,972 - INFO - Analisando: Pecinileiloes
2026-01-20 11:03:27,959 - ERROR - Erro ao analisar Pecinileiloes: Page.goto: Navigation to "https://www.pecinileiloes.com.br/imoveis" is interrupted by another navigation to "chrome-error://chromewebdata/"
Call log:
  - navigating to "https://www.pecinileiloes.com.br/imoveis", waiting until "domcontentloaded"

2026-01-20 11:03:27,960 - INFO -    Tipo: UNKNOWN | Itens: None | Paginas: None
2026-01-20 11:03:29,467 - INFO - 
[26/289] ========================================
2026-01-20 11:03:29,470 - INFO - Analisando: Leilomaster
2026-01-20 11:03:48,323 - INFO -    Tipo: SINGLE_PAGE | Itens: None | Paginas: 1
2026-01-20 11:03:49,833 - INFO - 
[27/289] ========================================
2026-01-20 11:03:49,835 - INFO - Analisando: Melhorlanceleiloes
2026-01-20 11:03:50,074 - INFO -    Tipo: OFFLINE | Itens: None | Paginas: None
2026-01-20 11:03:51,589 - INFO - 
[28/289] ========================================
2026-01-20 11:03:51,589 - INFO - Analisando: Tezaleiloes
2026-01-20 11:03:52,290 - INFO -    Tipo: OFFLINE | Itens: None | Paginas: None
2026-01-20 11:03:53,791 - INFO - 
[29/289] ========================================
2026-01-20 11:03:53,792 - INFO - Analisando: Leilaoinvestment
2026-01-20 11:03:57,124 - INFO -    Tipo: OFFLINE | Itens: None | Paginas: None
2026-01-20 11:03:58,635 - INFO - 
[30/289] ========================================
2026-01-20 11:03:58,637 - INFO - Analisando: Destakleiloes
2026-01-20 11:04:00,460 - INFO -    Tipo: OFFLINE | Itens: None | Paginas: None
2026-01-20 11:04:00,472 - INFO - Checkpoint salvo: logs\mapeamento_paginacao_v2\checkpoint_30.json
2026-01-20 11:04:01,989 - INFO - 
[31/289] ========================================
2026-01-20 11:04:01,990 - INFO - Analisando: Projudleiloes
2026-01-20 11:04:04,361 - INFO -    Tipo: OFFLINE | Itens: None | Paginas: None
2026-01-20 11:04:05,875 - INFO - 
[32/289] ========================================
2026-01-20 11:04:05,876 - INFO - Analisando: Nossoleilao
2026-01-20 11:04:09,977 - INFO -    Tipo: OFFLINE | Itens: None | Paginas: None
2026-01-20 11:04:11,484 - INFO - 
[33/289] ========================================
2026-01-20 11:04:11,485 - INFO - Analisando: Lancenoleilao
2026-01-20 11:04:12,488 - INFO -    Tipo: OFFLINE | Itens: None | Paginas: None
2026-01-20 11:04:13,992 - INFO - 
[34/289] ========================================
2026-01-20 11:04:13,992 - INFO - Analisando: Lut
2026-01-20 11:04:30,251 - INFO -    Tipo: TABS_FILTER | Itens: 40 | Paginas: None
2026-01-20 11:04:31,770 - INFO - 
[35/289] ========================================
2026-01-20 11:04:31,771 - INFO - Analisando: Portalzuk
2026-01-20 11:04:42,197 - WARNING - VALIDACAO FALHOU: Portalzuk - Esperado NUMERIC, obtido INFINITE_SCROLL
2026-01-20 11:04:42,197 - INFO -    Tipo: INFINITE_SCROLL | Itens: 30 | Paginas: None
2026-01-20 11:04:43,715 - INFO - 
[36/289] ========================================
2026-01-20 11:04:43,715 - INFO - Analisando: Cunhaleiloeiro
2026-01-20 11:04:52,948 - INFO -    Tipo: TABS_FILTER | Itens: None | Paginas: None
2026-01-20 11:04:54,454 - INFO - 
[37/289] ========================================
2026-01-20 11:04:54,455 - INFO - Analisando: Sumareleiloes
2026-01-20 11:04:55,483 - INFO -    Tipo: OFFLINE | Itens: None | Paginas: None
2026-01-20 11:04:56,993 - INFO - 
[38/289] ========================================
2026-01-20 11:04:56,995 - INFO - Analisando: Lancejudicial
2026-01-20 11:05:11,663 - INFO -    Validacao OK: Lancejudicial = NUMERIC
2026-01-20 11:05:11,664 - INFO -    Tipo: NUMERIC | Itens: None | Paginas: 11
2026-01-20 11:05:13,175 - INFO - 
[39/289] ========================================
2026-01-20 11:05:13,177 - INFO - Analisando: E-Confianca
2026-01-20 11:05:13,548 - ERROR - Erro ao analisar E-Confianca: Page.goto: net::ERR_CERT_COMMON_NAME_INVALID at https://www.e-confianca.com.br/imoveis
Call log:
  - navigating to "https://www.e-confianca.com.br/imoveis", waiting until "domcontentloaded"

2026-01-20 11:05:13,549 - INFO -    Tipo: UNKNOWN | Itens: None | Paginas: None
2026-01-20 11:05:15,064 - INFO - 
[40/289] ========================================
2026-01-20 11:05:15,064 - INFO - Analisando: Gilsoninumaruleiloes
2026-01-20 11:05:26,613 - INFO -    Tipo: TABS_FILTER | Itens: 25 | Paginas: None
2026-01-20 11:05:28,117 - INFO - 
[41/289] ========================================
2026-01-20 11:05:28,118 - INFO - Analisando: Lanceja
2026-01-20 11:05:35,826 - INFO -    Tipo: TABS_FILTER | Itens: 2 | Paginas: None
2026-01-20 11:05:37,340 - INFO - 
[42/289] ========================================
2026-01-20 11:05:37,342 - INFO - Analisando: Liderleiloes
2026-01-20 11:05:45,408 - INFO -    Tipo: SINGLE_PAGE | Itens: None | Paginas: 1
2026-01-20 11:05:46,913 - INFO - 
[43/289] ========================================
2026-01-20 11:05:46,914 - INFO - Analisando: Carloferrarileiloes
2026-01-20 11:05:48,364 - INFO -    Tipo: OFFLINE | Itens: None | Paginas: None
2026-01-20 11:05:49,872 - INFO - 
[44/289] ========================================
2026-01-20 11:05:49,873 - INFO - Analisando: Webleiloes
2026-01-20 11:05:59,821 - INFO -    Tipo: NUMERIC | Itens: None | Paginas: 11
2026-01-20 11:06:01,328 - INFO - 
[45/289] ========================================
2026-01-20 11:06:01,329 - INFO - Analisando: Picellileiloes
2026-01-20 11:06:21,324 - INFO -    Tipo: TABS_FILTER | Itens: None | Paginas: None
2026-01-20 11:06:22,826 - INFO - 
[46/289] ========================================
2026-01-20 11:06:22,828 - INFO - Analisando: Centraljudicial
2026-01-20 11:06:24,120 - INFO -    Tipo: OFFLINE | Itens: None | Paginas: None
2026-01-20 11:06:25,621 - INFO - 
[47/289] ========================================
2026-01-20 11:06:25,622 - INFO - Analisando: Oleiloes
2026-01-20 11:06:47,740 - INFO -    Tipo: OFFLINE | Itens: None | Paginas: None
2026-01-20 11:06:49,247 - INFO - 
[48/289] ========================================
2026-01-20 11:06:49,248 - INFO - Analisando: Rochaleiloes
2026-01-20 11:06:55,604 - INFO -    Tipo: OFFLINE | Itens: None | Paginas: None
2026-01-20 11:06:57,114 - INFO - 
[49/289] ========================================
2026-01-20 11:06:57,115 - INFO - Analisando: Topoleiloes
2026-01-20 11:06:57,629 - ERROR - Erro ao analisar Topoleiloes: Page.goto: net::ERR_SSL_UNRECOGNIZED_NAME_ALERT at https://www.topoleiloes.com.br/imoveis
Call log:
  - navigating to "https://www.topoleiloes.com.br/imoveis", waiting until "domcontentloaded"

2026-01-20 11:06:57,630 - INFO -    Tipo: UNKNOWN | Itens: None | Paginas: None
2026-01-20 11:06:59,143 - INFO - 
[50/289] ========================================
2026-01-20 11:06:59,145 - INFO - Analisando: Nakakogueleiloes
2026-01-20 11:07:08,635 - INFO -    Tipo: TABS_FILTER | Itens: None | Paginas: None
2026-01-20 11:07:10,144 - INFO - 
[51/289] ========================================
2026-01-20 11:07:10,144 - INFO - Analisando: Vmleiloes
2026-01-20 11:07:11,017 - INFO -    Tipo: OFFLINE | Itens: None | Paginas: None
2026-01-20 11:07:12,525 - INFO - 
[52/289] ========================================
2026-01-20 11:07:12,526 - INFO - Analisando: Pbcastro
2026-01-20 11:07:19,250 - INFO -    Tipo: SINGLE_PAGE | Itens: None | Paginas: 1
2026-01-20 11:07:20,759 - INFO - 
[53/289] ========================================
2026-01-20 11:07:20,763 - INFO - Analisando: Marquesleiloes
2026-01-20 11:07:21,366 - INFO -    Tipo: OFFLINE | Itens: None | Paginas: None
2026-01-20 11:07:22,875 - INFO - 
[54/289] ========================================
2026-01-20 11:07:22,876 - INFO - Analisando: Kleiloes
2026-01-20 11:07:31,416 - INFO -    Tipo: NUMERIC | Itens: None | Paginas: 2
2026-01-20 11:07:32,928 - INFO - 
[55/289] ========================================
2026-01-20 11:07:32,928 - INFO - Analisando: Jeleiloes
2026-01-20 11:07:40,807 - INFO -    Tipo: NUMERIC | Itens: None | Paginas: 11
2026-01-20 11:07:42,321 - INFO - 
[56/289] ========================================
2026-01-20 11:07:42,321 - INFO - Analisando: Spencerleiloes
2026-01-20 11:07:43,247 - INFO -    Tipo: OFFLINE | Itens: None | Paginas: None
2026-01-20 11:07:44,755 - INFO - 
[57/289] ========================================
2026-01-20 11:07:44,755 - INFO - Analisando: Raicherleiloes
2026-01-20 11:07:46,982 - INFO -    Tipo: OFFLINE | Itens: None | Paginas: None
2026-01-20 11:07:48,492 - INFO - 
[58/289] ========================================
2026-01-20 11:07:48,493 - INFO - Analisando: Alexandridisleiloes
2026-01-20 11:08:08,130 - INFO -    Tipo: TABS_FILTER | Itens: 12 | Paginas: None
2026-01-20 11:08:09,640 - INFO - 
[59/289] ========================================
2026-01-20 11:08:09,640 - INFO - Analisando: Leiloeirospcom Br
2026-01-20 11:08:09,756 - INFO -    Tipo: OFFLINE | Itens: None | Paginas: None
2026-01-20 11:08:11,271 - INFO - 
[60/289] ========================================
2026-01-20 11:08:11,272 - INFO - Analisando: Publicumleiloes
2026-01-20 11:08:11,329 - INFO -    Tipo: OFFLINE | Itens: None | Paginas: None
2026-01-20 11:08:11,339 - INFO - Checkpoint salvo: logs\mapeamento_paginacao_v2\checkpoint_60.json
2026-01-20 11:08:12,853 - INFO - 
[61/289] ========================================
2026-01-20 11:08:12,855 - INFO - Analisando: Lecapeleiloes
2026-01-20 11:08:14,459 - INFO -    Tipo: OFFLINE | Itens: None | Paginas: None
2026-01-20 11:08:15,967 - INFO - 
[62/289] ========================================
2026-01-20 11:08:15,969 - INFO - Analisando: Legisleiloes
2026-01-20 11:08:17,239 - INFO -    Tipo: OFFLINE | Itens: None | Paginas: None
2026-01-20 11:08:18,754 - INFO - 
[63/289] ========================================
2026-01-20 11:08:18,754 - INFO - Analisando: Glleiloes
2026-01-20 11:08:20,096 - INFO -    Tipo: OFFLINE | Itens: None | Paginas: None
2026-01-20 11:08:21,604 - INFO - 
[64/289] ========================================
2026-01-20 11:08:21,605 - INFO - Analisando: Fidalgoleiloes
2026-01-20 11:08:22,138 - INFO -    Tipo: OFFLINE | Itens: None | Paginas: None
2026-01-20 11:08:23,648 - INFO - 
[65/289] ========================================
2026-01-20 11:08:23,649 - INFO - Analisando: 3Torresleiloes
2026-01-20 11:08:25,210 - INFO -    Tipo: OFFLINE | Itens: None | Paginas: None
2026-01-20 11:08:26,718 - INFO - 
[66/289] ========================================
2026-01-20 11:08:26,719 - INFO - Analisando: Rossileiloes
2026-01-20 11:08:27,343 - INFO -    Tipo: OFFLINE | Itens: None | Paginas: None
2026-01-20 11:08:28,851 - INFO - 
[67/289] ========================================
2026-01-20 11:08:28,852 - INFO - Analisando: Lanceleiloes
2026-01-20 11:08:30,194 - INFO -    Tipo: OFFLINE | Itens: None | Paginas: None
2026-01-20 11:08:31,702 - INFO - 
[68/289] ========================================
2026-01-20 11:08:31,702 - INFO - Analisando: Escritoriodeleiloes
2026-01-20 11:08:33,105 - INFO -    Tipo: OFFLINE | Itens: None | Paginas: None
2026-01-20 11:08:34,613 - INFO - 
[69/289] ========================================
2026-01-20 11:08:34,615 - INFO - Analisando: Moralesleiloes
2026-01-20 11:08:41,764 - INFO -    Tipo: TABS_FILTER | Itens: None | Paginas: None
2026-01-20 11:08:43,274 - INFO - 
[70/289] ========================================
2026-01-20 11:08:43,274 - INFO - Analisando: Bcoleiloes
2026-01-20 11:08:45,181 - INFO -    Tipo: OFFLINE | Itens: None | Paginas: None
2026-01-20 11:08:46,697 - INFO - 
[71/289] ========================================
2026-01-20 11:08:46,698 - INFO - Analisando: Leiloesgold
2026-01-20 11:08:48,307 - INFO -    Tipo: OFFLINE | Itens: None | Paginas: None
2026-01-20 11:08:49,812 - INFO - 
[72/289] ========================================
2026-01-20 11:08:49,814 - INFO - Analisando: Argonetworkleiloes
2026-01-20 11:09:01,504 - INFO -    Tipo: TABS_FILTER | Itens: None | Paginas: None
2026-01-20 11:09:03,016 - INFO - 
[73/289] ========================================
2026-01-20 11:09:03,016 - INFO - Analisando: Conceitoleiloes
2026-01-20 11:09:04,755 - INFO -    Tipo: OFFLINE | Itens: None | Paginas: None
2026-01-20 11:09:06,268 - INFO - 
[74/289] ========================================
2026-01-20 11:09:06,268 - INFO - Analisando: Hisaleiloes
2026-01-20 11:09:08,181 - INFO -    Tipo: OFFLINE | Itens: None | Paginas: None
2026-01-20 11:09:09,683 - INFO - 
[75/289] ========================================
2026-01-20 11:09:09,684 - INFO - Analisando: Judhastas
2026-01-20 11:09:12,261 - INFO -    Tipo: OFFLINE | Itens: None | Paginas: None
2026-01-20 11:09:13,777 - INFO - 
[76/289] ========================================
2026-01-20 11:09:13,778 - INFO - Analisando: Silveiraleiloes
2026-01-20 11:09:15,453 - INFO -    Tipo: OFFLINE | Itens: None | Paginas: None
2026-01-20 11:09:16,968 - INFO - 
[77/289] ========================================
2026-01-20 11:09:16,968 - INFO - Analisando: Kronbergleiloes
2026-01-20 11:09:19,894 - INFO -    Tipo: OFFLINE | Itens: None | Paginas: None
2026-01-20 11:09:21,410 - INFO - 
[78/289] ========================================
2026-01-20 11:09:21,412 - INFO - Analisando: Joaoluizleiloes
2026-01-20 11:09:23,085 - INFO -    Tipo: OFFLINE | Itens: None | Paginas: None
2026-01-20 11:09:24,597 - INFO - 
[79/289] ========================================
2026-01-20 11:09:24,598 - INFO - Analisando: Psnleiloes
2026-01-20 11:09:30,383 - INFO -    Tipo: TABS_FILTER | Itens: None | Paginas: None
2026-01-20 11:09:31,891 - INFO - 
[80/289] ========================================
2026-01-20 11:09:31,892 - INFO - Analisando: Allianceleiloes
2026-01-20 11:09:42,761 - INFO -    Tipo: TABS_FILTER | Itens: 1 | Paginas: None
2026-01-20 11:09:44,272 - INFO - 
[81/289] ========================================
2026-01-20 11:09:44,274 - INFO - Analisando: Fauthleiloes
2026-01-20 11:09:48,452 - INFO -    Tipo: OFFLINE | Itens: None | Paginas: None
2026-01-20 11:09:49,962 - INFO - 
[82/289] ========================================
2026-01-20 11:09:49,963 - INFO - Analisando: Santoseborinleiloes
2026-01-20 11:09:50,568 - INFO -    Tipo: OFFLINE | Itens: None | Paginas: None
2026-01-20 11:09:52,075 - INFO - 
[83/289] ========================================
2026-01-20 11:09:52,076 - INFO - Analisando: Leiloeslaraforster
2026-01-20 11:09:53,926 - INFO -    Tipo: OFFLINE | Itens: None | Paginas: None
2026-01-20 11:09:55,439 - INFO - 
[84/289] ========================================
2026-01-20 11:09:55,441 - INFO - Analisando: Benedettoleiloes
2026-01-20 11:09:55,801 - INFO -    Tipo: OFFLINE | Itens: None | Paginas: None
2026-01-20 11:09:57,309 - INFO - 
[85/289] ========================================
2026-01-20 11:09:57,310 - INFO - Analisando: Ctsleiloes
2026-01-20 11:10:00,005 - INFO -    Tipo: OFFLINE | Itens: None | Paginas: None
2026-01-20 11:10:01,517 - INFO - 
[86/289] ========================================
2026-01-20 11:10:01,518 - INFO - Analisando: Nogarileiloes
2026-01-20 11:10:03,132 - INFO -    Tipo: OFFLINE | Itens: None | Paginas: None
2026-01-20 11:10:04,643 - INFO - 
[87/289] ========================================
2026-01-20 11:10:04,643 - INFO - Analisando: Alemaoleiloeiro
2026-01-20 11:10:06,594 - INFO -    Tipo: OFFLINE | Itens: None | Paginas: None
2026-01-20 11:10:08,097 - INFO - 
[88/289] ========================================
2026-01-20 11:10:08,097 - INFO - Analisando: Cargneluttileiloes
2026-01-20 11:10:10,298 - INFO -    Tipo: OFFLINE | Itens: None | Paginas: None
2026-01-20 11:10:11,808 - INFO - 
[89/289] ========================================
2026-01-20 11:10:11,808 - INFO - Analisando: Cristianoescolaleiloes
2026-01-20 11:10:12,890 - INFO -    Tipo: OFFLINE | Itens: None | Paginas: None
2026-01-20 11:10:14,406 - INFO - 
[90/289] ========================================
2026-01-20 11:10:14,406 - INFO - Analisando: Leilaosantos
2026-01-20 11:10:15,832 - INFO -    Tipo: OFFLINE | Itens: None | Paginas: None
2026-01-20 11:10:15,855 - INFO - Checkpoint salvo: logs\mapeamento_paginacao_v2\checkpoint_90.json
2026-01-20 11:10:17,371 - INFO - 
[91/289] ========================================
2026-01-20 11:10:17,372 - INFO - Analisando: Moraesleiloes
2026-01-20 11:10:18,857 - INFO -    Tipo: OFFLINE | Itens: None | Paginas: None
2026-01-20 11:10:20,372 - INFO - 
[92/289] ========================================
2026-01-20 11:10:20,372 - INFO - Analisando: Nortonleiloes
2026-01-20 11:10:41,889 - INFO -    Tipo: OFFLINE | Itens: None | Paginas: None
2026-01-20 11:10:43,393 - INFO - 
[93/289] ========================================
2026-01-20 11:10:43,393 - INFO - Analisando: Pietosoleiloes
2026-01-20 11:10:44,503 - INFO -    Tipo: OFFLINE | Itens: None | Paginas: None
2026-01-20 11:10:46,004 - INFO - 
[94/289] ========================================
2026-01-20 11:10:46,005 - INFO - Analisando: Rauppleiloes
2026-01-20 11:10:47,056 - INFO -    Tipo: OFFLINE | Itens: None | Paginas: None
2026-01-20 11:10:48,563 - INFO - 
[95/289] ========================================
2026-01-20 11:10:48,564 - INFO - Analisando: Santamarialeiloes
2026-01-20 11:10:49,895 - INFO -    Tipo: OFFLINE | Itens: None | Paginas: None
2026-01-20 11:10:51,402 - INFO - 
[96/289] ========================================
2026-01-20 11:10:51,402 - INFO - Analisando: Amtleiloes
2026-01-20 11:10:52,405 - INFO -    Tipo: OFFLINE | Itens: None | Paginas: None
2026-01-20 11:10:53,916 - INFO - 
[97/289] ========================================
2026-01-20 11:10:53,917 - INFO - Analisando: Alencastroleiloes
2026-01-20 11:10:58,037 - INFO -    Tipo: OFFLINE | Itens: None | Paginas: None
2026-01-20 11:10:59,543 - INFO - 
[98/289] ========================================
2026-01-20 11:10:59,544 - INFO - Analisando: Leilaobutia
2026-01-20 11:11:00,884 - INFO -    Tipo: OFFLINE | Itens: None | Paginas: None
2026-01-20 11:11:02,394 - INFO - 
[99/289] ========================================
2026-01-20 11:11:02,394 - INFO - Analisando: Scheidleiloes
2026-01-20 11:11:05,486 - INFO -    Tipo: OFFLINE | Itens: None | Paginas: None
2026-01-20 11:11:06,992 - INFO - 
[100/289] ========================================
2026-01-20 11:11:06,993 - INFO - Analisando: Bronzattoleiloes
2026-01-20 11:11:08,368 - INFO -    Tipo: OFFLINE | Itens: None | Paginas: None
2026-01-20 11:11:09,881 - INFO - 
[101/289] ========================================
2026-01-20 11:11:09,881 - INFO - Analisando: Lessaleiloes
2026-01-20 11:11:11,692 - INFO -    Tipo: OFFLINE | Itens: None | Paginas: None
2026-01-20 11:11:13,199 - INFO - 
[102/289] ========================================
2026-01-20 11:11:13,199 - INFO - Analisando: Mpleilao
2026-01-20 11:11:14,549 - INFO -    Tipo: OFFLINE | Itens: None | Paginas: None
2026-01-20 11:11:16,058 - INFO - 
[103/289] ========================================
2026-01-20 11:11:16,059 - INFO - Analisando: Agenciadeleiloes
2026-01-20 11:11:17,513 - INFO -    Tipo: OFFLINE | Itens: None | Paginas: None
2026-01-20 11:11:19,024 - INFO - 
[104/289] ========================================
2026-01-20 11:11:19,024 - INFO - Analisando: Scholanteleiloes
2026-01-20 11:11:20,282 - INFO -    Tipo: OFFLINE | Itens: None | Paginas: None
2026-01-20 11:11:21,791 - INFO - 
[105/289] ========================================
2026-01-20 11:11:21,792 - INFO - Analisando: Clovisleiloeiro
2026-01-20 11:11:23,306 - INFO -    Tipo: OFFLINE | Itens: None | Paginas: None
2026-01-20 11:11:24,808 - INFO - 
[106/289] ========================================
2026-01-20 11:11:24,809 - INFO - Analisando: Ferronatoleiloes
2026-01-20 11:11:27,778 - INFO -    Tipo: OFFLINE | Itens: None | Paginas: None
2026-01-20 11:11:29,287 - INFO - 
[107/289] ========================================
2026-01-20 11:11:29,288 - INFO - Analisando: Eduardovivian
2026-01-20 11:11:37,085 - INFO -    Tipo: OFFLINE | Itens: None | Paginas: None
2026-01-20 11:11:38,596 - INFO - 
[108/289] ========================================
2026-01-20 11:11:38,596 - INFO - Analisando: Leiloesbonfadini
2026-01-20 11:11:42,699 - INFO -    Tipo: OFFLINE | Itens: None | Paginas: None
2026-01-20 11:11:44,206 - INFO - 
[109/289] ========================================
2026-01-20 11:11:44,208 - INFO - Analisando: Clademirleiloeiro
2026-01-20 11:11:45,376 - INFO -    Tipo: OFFLINE | Itens: None | Paginas: None
2026-01-20 11:11:46,884 - INFO - 
[110/289] ========================================
2026-01-20 11:11:46,884 - INFO - Analisando: Rabuskeleiloes
2026-01-20 11:11:48,422 - INFO -    Tipo: OFFLINE | Itens: None | Paginas: None
2026-01-20 11:11:49,928 - INFO - 
[111/289] ========================================
2026-01-20 11:11:49,928 - INFO - Analisando: Zaccariasleiloes
2026-01-20 11:11:51,706 - INFO -    Tipo: OFFLINE | Itens: None | Paginas: None
2026-01-20 11:11:53,221 - INFO - 
[112/289] ========================================
2026-01-20 11:11:53,222 - INFO - Analisando: Grandesleiloes
2026-01-20 11:11:54,203 - INFO -    Tipo: OFFLINE | Itens: None | Paginas: None
2026-01-20 11:11:55,707 - INFO - 
[113/289] ========================================
2026-01-20 11:11:55,708 - INFO - Analisando: Muckleiloes
2026-01-20 11:11:55,811 - INFO -    Tipo: OFFLINE | Itens: None | Paginas: None
2026-01-20 11:11:57,326 - INFO - 
[114/289] ========================================
2026-01-20 11:11:57,327 - INFO - Analisando: Ckleiloes
2026-01-20 11:12:00,709 - INFO -    Tipo: OFFLINE | Itens: None | Paginas: None
2026-01-20 11:12:02,222 - INFO - 
[115/289] ========================================
2026-01-20 11:12:02,223 - INFO - Analisando: Correaleiloes
2026-01-20 11:12:12,842 - INFO -    Tipo: TABS_FILTER | Itens: None | Paginas: None
2026-01-20 11:12:14,346 - INFO - 
[116/289] ========================================
2026-01-20 11:12:14,347 - INFO - Analisando: Dldleiloeiro
2026-01-20 11:12:16,081 - INFO -    Tipo: OFFLINE | Itens: None | Paginas: None
2026-01-20 11:12:17,591 - INFO - 
[117/289] ========================================
2026-01-20 11:12:17,592 - INFO - Analisando: Evaleiloes
2026-01-20 11:12:18,061 - INFO -    Tipo: OFFLINE | Itens: None | Paginas: None
2026-01-20 11:12:19,569 - INFO - 
[118/289] ========================================
2026-01-20 11:12:19,570 - INFO - Analisando: Santayanaleiloes
2026-01-20 11:12:20,904 - INFO -    Tipo: OFFLINE | Itens: None | Paginas: None
2026-01-20 11:12:22,414 - INFO - 
[119/289] ========================================
2026-01-20 11:12:22,414 - INFO - Analisando: Zuccalmaglioleiloes
2026-01-20 11:12:23,940 - INFO -    Tipo: OFFLINE | Itens: None | Paginas: None
2026-01-20 11:12:25,453 - INFO - 
[120/289] ========================================
2026-01-20 11:12:25,454 - INFO - Analisando: Zagoleiloes
2026-01-20 11:12:27,177 - INFO -    Tipo: OFFLINE | Itens: None | Paginas: None
2026-01-20 11:12:27,201 - INFO - Checkpoint salvo: logs\mapeamento_paginacao_v2\checkpoint_120.json
2026-01-20 11:12:28,704 - INFO - 
[121/289] ========================================
2026-01-20 11:12:28,704 - INFO - Analisando: Marceloleiloeiro
2026-01-20 11:12:30,076 - INFO -    Tipo: OFFLINE | Itens: None | Paginas: None
2026-01-20 11:12:31,591 - INFO - 
[122/289] ========================================
2026-01-20 11:12:31,592 - INFO - Analisando: Raotaleiloes
2026-01-20 11:12:32,834 - INFO -    Tipo: OFFLINE | Itens: None | Paginas: None
2026-01-20 11:12:34,340 - INFO - 
[123/289] ========================================
2026-01-20 11:12:34,340 - INFO - Analisando: Finattoleiloes
2026-01-20 11:12:34,629 - INFO -    Tipo: OFFLINE | Itens: None | Paginas: None
2026-01-20 11:12:36,135 - INFO - 
[124/289] ========================================
2026-01-20 11:12:36,135 - INFO - Analisando: Vidalleiloes
2026-01-20 11:12:37,857 - INFO -    Tipo: OFFLINE | Itens: None | Paginas: None
2026-01-20 11:12:39,372 - INFO - 
[125/289] ========================================
2026-01-20 11:12:39,373 - INFO - Analisando: Gtleiloes
2026-01-20 11:12:40,629 - INFO -    Tipo: OFFLINE | Itens: None | Paginas: None
2026-01-20 11:12:42,144 - INFO - 
[126/289] ========================================
2026-01-20 11:12:42,144 - INFO - Analisando: Veronicaleiloes
2026-01-20 11:12:43,996 - INFO -    Tipo: OFFLINE | Itens: None | Paginas: None
2026-01-20 11:12:45,520 - INFO - 
[127/289] ========================================
2026-01-20 11:12:45,520 - INFO - Analisando: Kielleiloes
2026-01-20 11:12:53,766 - INFO -    Tipo: TABS_FILTER | Itens: None | Paginas: None
2026-01-20 11:12:55,269 - INFO - 
[128/289] ========================================
2026-01-20 11:12:55,270 - INFO - Analisando: Machadoleiloesrs
2026-01-20 11:12:56,607 - INFO -    Tipo: OFFLINE | Itens: None | Paginas: None
2026-01-20 11:12:58,119 - INFO - 
[129/289] ========================================
2026-01-20 11:12:58,119 - INFO - Analisando: Fumagallileiloes
2026-01-20 11:12:59,673 - INFO -    Tipo: OFFLINE | Itens: None | Paginas: None
2026-01-20 11:13:01,174 - INFO - 
[130/289] ========================================
2026-01-20 11:13:01,175 - INFO - Analisando: Superleiloes
2026-01-20 11:13:02,672 - INFO -    Tipo: OFFLINE | Itens: None | Paginas: None
2026-01-20 11:13:04,181 - INFO - 
[131/289] ========================================
2026-01-20 11:13:04,182 - INFO - Analisando: Regionalleiloes
2026-01-20 11:13:05,511 - INFO -    Tipo: OFFLINE | Itens: None | Paginas: None
2026-01-20 11:13:07,013 - INFO - 
[132/289] ========================================
2026-01-20 11:13:07,014 - INFO - Analisando: Juleiloes
2026-01-20 11:13:08,375 - INFO -    Tipo: OFFLINE | Itens: None | Paginas: None
2026-01-20 11:13:09,877 - INFO - 
[133/289] ========================================
2026-01-20 11:13:09,878 - INFO - Analisando: Renovarleiloes
2026-01-20 11:13:10,957 - INFO -    Tipo: OFFLINE | Itens: None | Paginas: None
2026-01-20 11:13:12,463 - INFO - 
[134/289] ========================================
2026-01-20 11:13:12,464 - INFO - Analisando: Swleiloes
2026-01-20 11:13:14,161 - INFO -    Tipo: OFFLINE | Itens: None | Paginas: None
2026-01-20 11:13:15,669 - INFO - 
[135/289] ========================================
2026-01-20 11:13:15,669 - INFO - Analisando: Evolveleiloes
2026-01-20 11:13:17,609 - INFO -    Tipo: OFFLINE | Itens: None | Paginas: None
2026-01-20 11:13:19,126 - INFO - 
[136/289] ========================================
2026-01-20 11:13:19,127 - INFO - Analisando: Gestorleiloes
2026-01-20 11:13:20,957 - INFO -    Tipo: OFFLINE | Itens: None | Paginas: None
2026-01-20 11:13:22,472 - INFO - 
[137/289] ========================================
2026-01-20 11:13:22,472 - INFO - Analisando: Dalaqualeiloes
2026-01-20 11:13:23,196 - INFO -    Tipo: OFFLINE | Itens: None | Paginas: None
2026-01-20 11:13:24,701 - INFO - 
[138/289] ========================================
2026-01-20 11:13:24,701 - INFO - Analisando: Rzleiloes
2026-01-20 11:13:27,222 - INFO -    Tipo: OFFLINE | Itens: None | Paginas: None
2026-01-20 11:13:28,731 - INFO - 
[139/289] ========================================
2026-01-20 11:13:28,731 - INFO - Analisando: Kildareleiloes
2026-01-20 11:13:30,216 - INFO -    Tipo: OFFLINE | Itens: None | Paginas: None
2026-01-20 11:13:31,723 - INFO - 
[140/289] ========================================
2026-01-20 11:13:31,724 - INFO - Analisando: Alexiusleiloes
2026-01-20 11:13:32,549 - INFO -    Tipo: OFFLINE | Itens: None | Paginas: None
2026-01-20 11:13:34,055 - INFO - 
[141/289] ========================================
2026-01-20 11:13:34,056 - INFO - Analisando: Eckertleiloes
2026-01-20 11:13:43,401 - INFO -    Tipo: TABS_FILTER | Itens: None | Paginas: None
2026-01-20 11:13:44,910 - INFO - 
[142/289] ========================================
2026-01-20 11:13:44,911 - INFO - Analisando: Hoppeleiloes
2026-01-20 11:13:54,217 - INFO -    Tipo: TABS_FILTER | Itens: None | Paginas: None
2026-01-20 11:13:55,728 - INFO - 
[143/289] ========================================
2026-01-20 11:13:55,728 - INFO - Analisando: Albuquerquelins
2026-01-20 11:13:57,008 - INFO -    Tipo: OFFLINE | Itens: None | Paginas: None
2026-01-20 11:13:58,523 - INFO - 
[144/289] ========================================
2026-01-20 11:13:58,524 - INFO - Analisando: Feliperottaleiloes
2026-01-20 11:14:07,312 - INFO -    Tipo: TABS_FILTER | Itens: None | Paginas: None
2026-01-20 11:14:08,826 - INFO - 
[145/289] ========================================
2026-01-20 11:14:08,826 - INFO - Analisando: Mgleiloes-Rs
2026-01-20 11:14:10,543 - INFO -    Tipo: OFFLINE | Itens: None | Paginas: None
2026-01-20 11:14:12,052 - INFO - 
[146/289] ========================================
2026-01-20 11:14:12,053 - INFO - Analisando: Bartmannleiloes
2026-01-20 11:14:13,530 - INFO -    Tipo: OFFLINE | Itens: None | Paginas: None
2026-01-20 11:14:15,044 - INFO - 
[147/289] ========================================
2026-01-20 11:14:15,044 - INFO - Analisando: Ruipintoleiloeiro
2026-01-20 11:14:15,633 - INFO -    Tipo: OFFLINE | Itens: None | Paginas: None
2026-01-20 11:14:17,137 - INFO - 
[148/289] ========================================
2026-01-20 11:14:17,138 - INFO - Analisando: Rechleiloes
2026-01-20 11:14:18,618 - INFO -    Tipo: OFFLINE | Itens: None | Paginas: None
2026-01-20 11:14:20,123 - INFO - 
[149/289] ========================================
2026-01-20 11:14:20,123 - INFO - Analisando: Gabrielleiloes
2026-01-20 11:14:21,027 - INFO -    Tipo: OFFLINE | Itens: None | Paginas: None
2026-01-20 11:14:22,530 - INFO - 
[150/289] ========================================
2026-01-20 11:14:22,531 - INFO - Analisando: Leiloeirobarbieri
2026-01-20 11:14:24,275 - INFO -    Tipo: OFFLINE | Itens: None | Paginas: None
2026-01-20 11:14:24,285 - INFO - Checkpoint salvo: logs\mapeamento_paginacao_v2\checkpoint_150.json
2026-01-20 11:14:25,789 - INFO - 
[151/289] ========================================
2026-01-20 11:14:25,790 - INFO - Analisando: Michellileiloes
2026-01-20 11:14:27,297 - INFO -    Tipo: OFFLINE | Itens: None | Paginas: None
2026-01-20 11:14:28,811 - INFO - 
[152/289] ========================================
2026-01-20 11:14:28,811 - INFO - Analisando: Trevisanleiloes
2026-01-20 11:14:29,817 - INFO -    Tipo: OFFLINE | Itens: None | Paginas: None
2026-01-20 11:14:31,324 - INFO - 
[153/289] ========================================
2026-01-20 11:14:31,325 - INFO - Analisando: Lipinskileiloes
2026-01-20 11:14:32,595 - INFO -    Tipo: OFFLINE | Itens: None | Paginas: None
2026-01-20 11:14:34,102 - INFO - 
[154/289] ========================================
2026-01-20 11:14:34,103 - INFO - Analisando: Tonialleiloes
2026-01-20 11:14:35,109 - INFO -    Tipo: OFFLINE | Itens: None | Paginas: None
2026-01-20 11:14:36,611 - INFO - 
[155/289] ========================================
2026-01-20 11:14:36,612 - INFO - Analisando: Alexsandroleiloes
2026-01-20 11:14:37,414 - INFO -    Tipo: OFFLINE | Itens: None | Paginas: None
2026-01-20 11:14:38,917 - INFO - 
[156/289] ========================================
2026-01-20 11:14:38,918 - INFO - Analisando: Bianchileiloes
2026-01-20 11:14:39,912 - INFO -    Tipo: OFFLINE | Itens: None | Paginas: None
2026-01-20 11:14:41,422 - INFO - 
[157/289] ========================================
2026-01-20 11:14:41,423 - INFO - Analisando: Backleiloes
2026-01-20 11:14:42,960 - INFO -    Tipo: OFFLINE | Itens: None | Paginas: None
2026-01-20 11:14:44,475 - INFO - 
[158/289] ========================================
2026-01-20 11:14:44,475 - INFO - Analisando: Deborabarzleiloes
2026-01-20 11:14:45,705 - INFO -    Tipo: OFFLINE | Itens: None | Paginas: None
2026-01-20 11:14:47,222 - INFO - 
[159/289] ========================================
2026-01-20 11:14:47,222 - INFO - Analisando: Arnoldoleiloes
2026-01-20 11:14:48,438 - INFO -    Tipo: OFFLINE | Itens: None | Paginas: None
2026-01-20 11:14:49,946 - INFO - 
[160/289] ========================================
2026-01-20 11:14:49,946 - INFO - Analisando: Bidgo
2026-01-20 11:14:51,294 - INFO -    Tipo: OFFLINE | Itens: None | Paginas: None
2026-01-20 11:14:52,795 - INFO - 
[161/289] ========================================
2026-01-20 11:14:52,795 - INFO - Analisando: Casaforteleiloes
2026-01-20 11:14:58,817 - INFO -    Tipo: SINGLE_PAGE | Itens: None | Paginas: 1
2026-01-20 11:15:00,325 - INFO - 
[162/289] ========================================
2026-01-20 11:15:00,326 - INFO - Analisando: Szortykaleiloes
2026-01-20 11:15:02,057 - INFO -    Tipo: OFFLINE | Itens: None | Paginas: None
2026-01-20 11:15:03,563 - INFO - 
[163/289] ========================================
2026-01-20 11:15:03,564 - INFO - Analisando: Rangelleiloes
2026-01-20 11:15:05,169 - INFO -    Tipo: OFFLINE | Itens: None | Paginas: None
2026-01-20 11:15:06,673 - INFO - 
[164/289] ========================================
2026-01-20 11:15:06,673 - INFO - Analisando: Fariasleiloes
2026-01-20 11:15:07,707 - INFO -    Tipo: OFFLINE | Itens: None | Paginas: None
2026-01-20 11:15:09,215 - INFO - 
[165/289] ========================================
2026-01-20 11:15:09,215 - INFO - Analisando: Utzigleiloes
2026-01-20 11:15:10,469 - INFO -    Tipo: OFFLINE | Itens: None | Paginas: None
2026-01-20 11:15:11,979 - INFO - 
[166/289] ========================================
2026-01-20 11:15:11,979 - INFO - Analisando: Trileiloes
2026-01-20 11:15:19,698 - INFO -    Tipo: NUMERIC | Itens: None | Paginas: 2
2026-01-20 11:15:21,217 - INFO - 
[167/289] ========================================
2026-01-20 11:15:21,218 - INFO - Analisando: Kriegerleiloes
2026-01-20 11:15:22,173 - INFO -    Tipo: OFFLINE | Itens: None | Paginas: None
2026-01-20 11:15:23,677 - INFO - 
[168/289] ========================================
2026-01-20 11:15:23,677 - INFO - Analisando: Turanileiloes
2026-01-20 11:15:30,362 - INFO -    Tipo: BLOCKED | Itens: None | Paginas: None
2026-01-20 11:15:31,868 - INFO - 
[169/289] ========================================
2026-01-20 11:15:31,869 - INFO - Analisando: Savoyleiloes
2026-01-20 11:15:32,439 - INFO -    Tipo: OFFLINE | Itens: None | Paginas: None
2026-01-20 11:15:33,946 - INFO - 
[170/289] ========================================
2026-01-20 11:15:33,947 - INFO - Analisando: Leiloesfreire
2026-01-20 11:15:35,005 - INFO -    Tipo: OFFLINE | Itens: None | Paginas: None
2026-01-20 11:15:36,520 - INFO - 
[171/289] ========================================
2026-01-20 11:15:36,520 - INFO - Analisando: Abaleiloes
2026-01-20 11:15:43,021 - INFO -    Tipo: TABS_FILTER | Itens: None | Paginas: None
2026-01-20 11:15:44,532 - INFO - 
[172/289] ========================================
2026-01-20 11:15:44,532 - INFO - Analisando: Lancecertoleiloes
2026-01-20 11:15:45,414 - INFO -    Tipo: OFFLINE | Itens: None | Paginas: None
2026-01-20 11:15:46,927 - INFO - 
[173/289] ========================================
2026-01-20 11:15:46,927 - INFO - Analisando: Rjleiloes
2026-01-20 11:15:48,469 - INFO -    Tipo: OFFLINE | Itens: None | Paginas: None
2026-01-20 11:15:49,992 - INFO - 
[174/289] ========================================
2026-01-20 11:15:49,993 - INFO - Analisando: Danielgarcialeiloes
2026-01-20 11:15:51,603 - INFO -    Tipo: OFFLINE | Itens: None | Paginas: None
2026-01-20 11:15:53,114 - INFO - 
[175/289] ========================================
2026-01-20 11:15:53,115 - INFO - Analisando: Inovaleilao
2026-01-20 11:16:12,747 - INFO -    Tipo: TABS_FILTER | Itens: None | Paginas: None
2026-01-20 11:16:14,258 - INFO - 
[176/289] ========================================
2026-01-20 11:16:14,259 - INFO - Analisando: Portaldosleiloes
2026-01-20 11:16:44,274 - INFO -    Tipo: OFFLINE | Itens: None | Paginas: None
2026-01-20 11:16:45,775 - INFO - 
[177/289] ========================================
2026-01-20 11:16:45,775 - INFO - Analisando: Alfaleiloes
2026-01-20 11:16:56,257 - INFO -    Tipo: TABS_FILTER | Itens: 35 | Paginas: None
2026-01-20 11:16:57,767 - INFO - 
[178/289] ========================================
2026-01-20 11:16:57,768 - INFO - Analisando: Leiloeirodebrasilia
2026-01-20 11:16:57,958 - INFO -    Tipo: OFFLINE | Itens: None | Paginas: None
2026-01-20 11:16:59,461 - INFO - 
[179/289] ========================================
2026-01-20 11:16:59,461 - INFO - Analisando: Costanetoleiloeiro
2026-01-20 11:17:20,155 - INFO -    Tipo: INFINITE_SCROLL | Itens: 8 | Paginas: None
2026-01-20 11:17:21,663 - INFO - 
[180/289] ========================================
2026-01-20 11:17:21,664 - INFO - Analisando: Multleiloes
2026-01-20 11:17:23,391 - ERROR - Erro ao analisar Multleiloes: Page.goto: net::ERR_CERT_COMMON_NAME_INVALID at https://www.multleiloes.com/imoveis
Call log:
  - navigating to "https://www.multleiloes.com/imoveis", waiting until "domcontentloaded"

2026-01-20 11:17:23,392 - INFO -    Tipo: UNKNOWN | Itens: None | Paginas: None
2026-01-20 11:17:23,406 - INFO - Checkpoint salvo: logs\mapeamento_paginacao_v2\checkpoint_180.json
2026-01-20 11:17:24,920 - INFO - 
[181/289] ========================================
2026-01-20 11:17:24,920 - INFO - Analisando: Bsbleiloes
2026-01-20 11:17:26,641 - INFO -    Tipo: OFFLINE | Itens: None | Paginas: None
2026-01-20 11:17:28,161 - INFO - 
[182/289] ========================================
2026-01-20 11:17:28,162 - INFO - Analisando: Brasilialeiloes
2026-01-20 11:17:29,600 - INFO -    Tipo: OFFLINE | Itens: None | Paginas: None
2026-01-20 11:17:31,108 - INFO - 
[183/289] ========================================
2026-01-20 11:17:31,108 - INFO - Analisando: Paulotolentino
2026-01-20 11:17:51,883 - INFO -    Tipo: INFINITE_SCROLL | Itens: 9 | Paginas: None
2026-01-20 11:17:53,384 - INFO - 
[184/289] ========================================
2026-01-20 11:17:53,385 - INFO - Analisando: Parquedosleiloes
2026-01-20 11:17:56,303 - INFO -    Tipo: OFFLINE | Itens: None | Paginas: None
2026-01-20 11:17:57,814 - INFO - 
[185/289] ========================================
2026-01-20 11:17:57,815 - INFO - Analisando: Jfleiloes
2026-01-20 11:18:04,825 - INFO -    Tipo: SINGLE_PAGE | Itens: None | Paginas: 1
2026-01-20 11:18:06,334 - INFO - 
[186/289] ========================================
2026-01-20 11:18:06,334 - INFO - Analisando: Flexleiloes
2026-01-20 11:18:12,632 - INFO -    Tipo: TABS_FILTER | Itens: None | Paginas: None
2026-01-20 11:18:14,145 - INFO - 
[187/289] ========================================
2026-01-20 11:18:14,146 - INFO - Analisando: Grupoleilo
2026-01-20 11:18:22,935 - INFO -    Tipo: SINGLE_PAGE | Itens: None | Paginas: 1
2026-01-20 11:18:24,442 - INFO - 
[188/289] ========================================
2026-01-20 11:18:24,442 - INFO - Analisando: Jcleiloeiro
2026-01-20 11:18:25,897 - ERROR - Erro ao analisar Jcleiloeiro: Page.goto: net::ERR_CERT_COMMON_NAME_INVALID at https://www.jcleiloeiro.com.br/imoveis
Call log:
  - navigating to "https://www.jcleiloeiro.com.br/imoveis", waiting until "domcontentloaded"

2026-01-20 11:18:25,898 - INFO -    Tipo: UNKNOWN | Itens: None | Paginas: None
2026-01-20 11:18:27,399 - INFO - 
[189/289] ========================================
2026-01-20 11:18:27,399 - INFO - Analisando: Luizleiloes
2026-01-20 11:18:32,952 - INFO -    Tipo: SINGLE_PAGE | Itens: None | Paginas: 1
2026-01-20 11:18:34,460 - INFO - 
[190/289] ========================================
2026-01-20 11:18:34,460 - INFO - Analisando: Alvaroleiloes
2026-01-20 11:18:35,433 - INFO -    Tipo: OFFLINE | Itens: None | Paginas: None
2026-01-20 11:18:36,934 - INFO - 
[191/289] ========================================
2026-01-20 11:18:36,935 - INFO - Analisando: Assuncaoleiloes
2026-01-20 11:18:37,163 - INFO -    Tipo: OFFLINE | Itens: None | Paginas: None
2026-01-20 11:18:38,676 - INFO - 
[192/289] ========================================
2026-01-20 11:18:38,676 - INFO - Analisando: Infinityleiloes
2026-01-20 11:18:40,191 - INFO -    Tipo: OFFLINE | Itens: None | Paginas: None
2026-01-20 11:18:41,692 - INFO - 
[193/289] ========================================
2026-01-20 11:18:41,693 - INFO - Analisando: Upleiloes
2026-01-20 11:18:42,861 - INFO -    Tipo: OFFLINE | Itens: None | Paginas: None
2026-01-20 11:18:44,365 - INFO - 
[194/289] ========================================
2026-01-20 11:18:44,366 - INFO - Analisando: Adringleiloes
2026-01-20 11:18:45,640 - INFO -    Tipo: OFFLINE | Itens: None | Paginas: None
2026-01-20 11:18:47,155 - INFO - 
[195/289] ========================================
2026-01-20 11:18:47,156 - INFO - Analisando: Oaleiloes
2026-01-20 11:18:49,376 - INFO -    Tipo: OFFLINE | Itens: None | Paginas: None
2026-01-20 11:18:50,882 - INFO - 
[196/289] ========================================
2026-01-20 11:18:50,882 - INFO - Analisando: Eixoleiloes
2026-01-20 11:18:52,113 - INFO -    Tipo: OFFLINE | Itens: None | Paginas: None
2026-01-20 11:18:53,616 - INFO - 
[197/289] ========================================
2026-01-20 11:18:53,617 - INFO - Analisando: Clicleiloes
2026-01-20 11:18:55,092 - INFO -    Tipo: OFFLINE | Itens: None | Paginas: None
2026-01-20 11:18:56,596 - INFO - 
[198/289] ========================================
2026-01-20 11:18:56,597 - INFO - Analisando: Marquesbarretoleiloes
2026-01-20 11:18:57,662 - INFO -    Tipo: OFFLINE | Itens: None | Paginas: None
2026-01-20 11:18:59,170 - INFO - 
[199/289] ========================================
2026-01-20 11:18:59,171 - INFO - Analisando: Anabrasilleiloes
2026-01-20 11:18:59,971 - INFO -    Tipo: OFFLINE | Itens: None | Paginas: None
2026-01-20 11:19:01,480 - INFO - 
[200/289] ========================================
2026-01-20 11:19:01,481 - INFO - Analisando: E-Leiloeiro
2026-01-20 11:19:03,389 - INFO -    Tipo: OFFLINE | Itens: None | Paginas: None
2026-01-20 11:19:04,892 - INFO - 
[201/289] ========================================
2026-01-20 11:19:04,893 - INFO - Analisando: Soleiloes
2026-01-20 11:19:06,355 - INFO -    Tipo: OFFLINE | Itens: None | Paginas: None
2026-01-20 11:19:07,860 - INFO - 
[202/289] ========================================
2026-01-20 11:19:07,860 - INFO - Analisando: Morescoleiloes
2026-01-20 11:19:09,123 - INFO -    Tipo: OFFLINE | Itens: None | Paginas: None
2026-01-20 11:19:10,636 - INFO - 
[203/289] ========================================
2026-01-20 11:19:10,636 - INFO - Analisando: Fabioleiloes
2026-01-20 11:19:11,462 - INFO -    Tipo: OFFLINE | Itens: None | Paginas: None
2026-01-20 11:19:12,969 - INFO - 
[204/289] ========================================
2026-01-20 11:19:12,970 - INFO - Analisando: Brunoleiloes
2026-01-20 11:19:13,667 - INFO -    Tipo: OFFLINE | Itens: None | Paginas: None
2026-01-20 11:19:15,178 - INFO - 
[205/289] ========================================
2026-01-20 11:19:15,179 - INFO - Analisando: Danieloliveiraleiloes
2026-01-20 11:19:17,191 - INFO -    Tipo: OFFLINE | Itens: None | Paginas: None
2026-01-20 11:19:18,704 - INFO - 
[206/289] ========================================
2026-01-20 11:19:18,704 - INFO - Analisando: Bastonleiloes
2026-01-20 11:19:24,562 - INFO -    Tipo: SINGLE_PAGE | Itens: None | Paginas: 1
2026-01-20 11:19:26,067 - INFO - 
[207/289] ========================================
2026-01-20 11:19:26,068 - INFO - Analisando: Leiloescentrooeste
2026-01-20 11:19:27,007 - INFO -    Tipo: OFFLINE | Itens: None | Paginas: None
2026-01-20 11:19:28,516 - INFO - 
[208/289] ========================================
2026-01-20 11:19:28,517 - INFO - Analisando: Leiloes61
2026-01-20 11:19:29,607 - INFO -    Tipo: OFFLINE | Itens: None | Paginas: None
2026-01-20 11:19:31,124 - INFO - 
[209/289] ========================================
2026-01-20 11:19:31,124 - INFO - Analisando: Mikedutraleiloeiro
2026-01-20 11:19:31,175 - INFO -    Tipo: OFFLINE | Itens: None | Paginas: None
2026-01-20 11:19:32,682 - INFO - 
[210/289] ========================================
2026-01-20 11:19:32,683 - INFO - Analisando: Oreidosleiloes
2026-01-20 11:19:33,539 - INFO -    Tipo: OFFLINE | Itens: None | Paginas: None
2026-01-20 11:19:33,556 - INFO - Checkpoint salvo: logs\mapeamento_paginacao_v2\checkpoint_210.json
2026-01-20 11:19:35,069 - INFO - 
[211/289] ========================================
2026-01-20 11:19:35,069 - INFO - Analisando: Leiloesfederal
2026-01-20 11:19:37,392 - INFO -    Tipo: OFFLINE | Itens: None | Paginas: None
2026-01-20 11:19:38,907 - INFO - 
[212/289] ========================================
2026-01-20 11:19:38,908 - INFO - Analisando: Natalialeiloes
2026-01-20 11:19:41,787 - INFO -    Tipo: OFFLINE | Itens: None | Paginas: None
2026-01-20 11:19:43,297 - INFO - 
[213/289] ========================================
2026-01-20 11:19:43,298 - INFO - Analisando: Arrematabem
2026-01-20 11:19:44,666 - INFO -    Tipo: OFFLINE | Itens: None | Paginas: None
2026-01-20 11:19:46,181 - INFO - 
[214/289] ========================================
2026-01-20 11:19:46,182 - INFO - Analisando: Tmleiloes
2026-01-20 11:19:47,560 - INFO -    Tipo: OFFLINE | Itens: None | Paginas: None
2026-01-20 11:19:49,068 - INFO - 
[215/289] ========================================
2026-01-20 11:19:49,069 - INFO - Analisando: Hastalegal
2026-01-20 11:19:50,011 - INFO -    Tipo: OFFLINE | Itens: None | Paginas: None
2026-01-20 11:19:51,513 - INFO - 
[216/289] ========================================
2026-01-20 11:19:51,514 - INFO - Analisando: Duxleiloes
2026-01-20 11:19:52,706 - INFO -    Tipo: OFFLINE | Itens: None | Paginas: None
2026-01-20 11:19:54,221 - INFO - 
[217/289] ========================================
2026-01-20 11:19:54,221 - INFO - Analisando: Amleiloeiro
2026-01-20 11:19:55,681 - INFO -    Tipo: OFFLINE | Itens: None | Paginas: None
2026-01-20 11:19:57,185 - INFO - 
[218/289] ========================================
2026-01-20 11:19:57,186 - INFO - Analisando: Marangonileiloes
2026-01-20 11:20:05,420 - INFO -    Tipo: TABS_FILTER | Itens: None | Paginas: None
2026-01-20 11:20:06,930 - INFO - 
[219/289] ========================================
2026-01-20 11:20:06,930 - INFO - Analisando: Leiloeiroqueiroz
2026-01-20 11:20:07,147 - INFO -    Tipo: OFFLINE | Itens: None | Paginas: None
2026-01-20 11:20:08,659 - INFO - 
[220/289] ========================================
2026-01-20 11:20:08,660 - INFO - Analisando: Alleiloes
2026-01-20 11:20:09,968 - INFO -    Tipo: OFFLINE | Itens: None | Paginas: None
2026-01-20 11:20:11,475 - INFO - 
[221/289] ========================================
2026-01-20 11:20:11,475 - INFO - Analisando: Andreluizleiloes
2026-01-20 11:20:20,335 - INFO -    Tipo: TABS_FILTER | Itens: None | Paginas: None
2026-01-20 11:20:21,843 - INFO - 
[222/289] ========================================
2026-01-20 11:20:21,844 - INFO - Analisando: Acleiloes
2026-01-20 11:20:27,260 - INFO -    Tipo: SINGLE_PAGE | Itens: None | Paginas: 1
2026-01-20 11:20:28,773 - INFO - 
[223/289] ========================================
2026-01-20 11:20:28,774 - INFO - Analisando: Cidafixerleiloes
2026-01-20 11:20:29,511 - INFO -    Tipo: OFFLINE | Itens: None | Paginas: None
2026-01-20 11:20:31,027 - INFO - 
[224/289] ========================================
2026-01-20 11:20:31,028 - INFO - Analisando: Grupocarvalholeiloes
2026-01-20 11:20:32,112 - INFO -    Tipo: OFFLINE | Itens: None | Paginas: None
2026-01-20 11:20:33,622 - INFO - 
[225/289] ========================================
2026-01-20 11:20:33,624 - INFO - Analisando: Claudiokussleiloes
2026-01-20 11:20:34,569 - INFO -    Tipo: OFFLINE | Itens: None | Paginas: None
2026-01-20 11:20:36,075 - INFO - 
[226/289] ========================================
2026-01-20 11:20:36,076 - INFO - Analisando: Dsleiloes
2026-01-20 11:20:37,065 - INFO -    Tipo: OFFLINE | Itens: None | Paginas: None
2026-01-20 11:20:38,568 - INFO - 
[227/289] ========================================
2026-01-20 11:20:38,569 - INFO - Analisando: Simonleiloes
2026-01-20 11:20:48,167 - INFO -    Tipo: TABS_FILTER | Itens: 20 | Paginas: None
2026-01-20 11:20:49,673 - INFO - 
[228/289] ========================================
2026-01-20 11:20:49,673 - INFO - Analisando: Lancevip
2026-01-20 11:20:51,279 - INFO -    Tipo: OFFLINE | Itens: None | Paginas: None
2026-01-20 11:20:52,794 - INFO - 
[229/289] ========================================
2026-01-20 11:20:52,794 - INFO - Analisando: Machadoleiloeiro
2026-01-20 11:20:54,349 - INFO -    Tipo: OFFLINE | Itens: None | Paginas: None
2026-01-20 11:20:55,860 - INFO - 
[230/289] ========================================
2026-01-20 11:20:55,861 - INFO - Analisando: Fabiobarbosaleiloes
2026-01-20 11:20:56,458 - INFO -    Tipo: OFFLINE | Itens: None | Paginas: None
2026-01-20 11:20:57,966 - INFO - 
[231/289] ========================================
2026-01-20 11:20:57,966 - INFO - Analisando: Ksleiloes
2026-01-20 11:20:59,433 - INFO -    Tipo: OFFLINE | Itens: None | Paginas: None
2026-01-20 11:21:00,941 - INFO - 
[232/289] ========================================
2026-01-20 11:21:00,941 - INFO - Analisando: Lancejusto
2026-01-20 11:21:02,101 - INFO -    Tipo: OFFLINE | Itens: None | Paginas: None
2026-01-20 11:21:03,603 - INFO - 
[233/289] ========================================
2026-01-20 11:21:03,604 - INFO - Analisando: Montenegroleiloes
2026-01-20 11:21:04,307 - INFO -    Tipo: OFFLINE | Itens: None | Paginas: None
2026-01-20 11:21:05,808 - INFO - 
[234/289] ========================================
2026-01-20 11:21:05,809 - INFO - Analisando: Jacleiloes
2026-01-20 11:21:07,272 - INFO -    Tipo: OFFLINE | Itens: None | Paginas: None
2026-01-20 11:21:08,773 - INFO - 
[235/289] ========================================
2026-01-20 11:21:08,774 - INFO - Analisando: Monzonleiloes
2026-01-20 11:21:17,922 - INFO -    Tipo: TABS_FILTER | Itens: None | Paginas: None
2026-01-20 11:21:19,423 - INFO - 
[236/289] ========================================
2026-01-20 11:21:19,423 - INFO - Analisando: Jmleiloes
2026-01-20 11:21:29,071 - INFO -    Tipo: SINGLE_PAGE | Itens: None | Paginas: 1
2026-01-20 11:21:30,576 - INFO - 
[237/289] ========================================
2026-01-20 11:21:30,578 - INFO - Analisando: Jorgemarcoleiloes
2026-01-20 11:21:42,089 - INFO -    Tipo: TABS_FILTER | Itens: None | Paginas: None
2026-01-20 11:21:43,601 - INFO - 
[238/289] ========================================
2026-01-20 11:21:43,602 - INFO - Analisando: Josequencaleiloeiro
2026-01-20 11:21:44,088 - ERROR - Erro ao analisar Josequencaleiloeiro: Page.goto: net::ERR_CERT_DATE_INVALID at https://www.josequencaleiloeiro.com.br/imoveis
Call log:
  - navigating to "https://www.josequencaleiloeiro.com.br/imoveis", waiting until "domcontentloaded"

2026-01-20 11:21:44,088 - INFO -    Tipo: UNKNOWN | Itens: None | Paginas: None
2026-01-20 11:21:45,598 - INFO - 
[239/289] ========================================
2026-01-20 11:21:45,598 - INFO - Analisando: Medeirosleiloes
2026-01-20 11:21:47,142 - INFO -    Tipo: OFFLINE | Itens: None | Paginas: None
2026-01-20 11:21:48,645 - INFO - 
[240/289] ========================================
2026-01-20 11:21:48,646 - INFO - Analisando: Donhaleiloes
2026-01-20 11:21:51,570 - INFO -    Tipo: OFFLINE | Itens: None | Paginas: None
2026-01-20 11:21:51,588 - INFO - Checkpoint salvo: logs\mapeamento_paginacao_v2\checkpoint_240.json
2026-01-20 11:21:53,096 - INFO - 
[241/289] ========================================
2026-01-20 11:21:53,096 - INFO - Analisando: Newtonleiloes
2026-01-20 11:21:54,664 - INFO -    Tipo: OFFLINE | Itens: None | Paginas: None
2026-01-20 11:21:56,178 - INFO - 
[242/289] ========================================
2026-01-20 11:21:56,179 - INFO - Analisando: Odarlicanezinleiloes
2026-01-20 11:21:57,048 - INFO -    Tipo: OFFLINE | Itens: None | Paginas: None
2026-01-20 11:21:58,558 - INFO - 
[243/289] ========================================
2026-01-20 11:21:58,559 - INFO - Analisando: Pimentelleiloes
2026-01-20 11:22:00,146 - INFO -    Tipo: OFFLINE | Itens: None | Paginas: None
2026-01-20 11:22:01,662 - INFO - 
[244/289] ========================================
2026-01-20 11:22:01,663 - INFO - Analisando: Rdleiloes
2026-01-20 11:22:02,699 - INFO -    Tipo: OFFLINE | Itens: None | Paginas: None
2026-01-20 11:22:04,200 - INFO - 
[245/289] ========================================
2026-01-20 11:22:04,200 - INFO - Analisando: Rmmleiloes
2026-01-20 11:22:09,952 - INFO -    Tipo: SINGLE_PAGE | Itens: None | Paginas: 1
2026-01-20 11:22:11,463 - INFO - 
[246/289] ========================================
2026-01-20 11:22:11,464 - INFO - Analisando: Ricardogomesleiloes
2026-01-20 11:22:18,005 - INFO -    Tipo: INFINITE_SCROLL | Itens: None | Paginas: None
2026-01-20 11:22:19,507 - INFO - 
[247/289] ========================================
2026-01-20 11:22:19,509 - INFO - Analisando: Sfleiloes
2026-01-20 11:22:29,129 - INFO -    Tipo: TABS_FILTER | Itens: None | Paginas: None
2026-01-20 11:22:30,643 - INFO - 
[248/289] ========================================
2026-01-20 11:22:30,643 - INFO - Analisando: Vargasepintoleiloes
2026-01-20 11:22:31,654 - INFO -    Tipo: OFFLINE | Itens: None | Paginas: None
2026-01-20 11:22:33,164 - INFO - 
[249/289] ========================================
2026-01-20 11:22:33,164 - INFO - Analisando: Lottileiloes
2026-01-20 11:22:34,695 - INFO -    Tipo: OFFLINE | Itens: None | Paginas: None
2026-01-20 11:22:36,202 - INFO - 
[250/289] ========================================
2026-01-20 11:22:36,202 - INFO - Analisando: Leilaonainternet
2026-01-20 11:22:37,139 - INFO -    Tipo: OFFLINE | Itens: None | Paginas: None
2026-01-20 11:22:38,657 - INFO - 
[251/289] ========================================
2026-01-20 11:22:38,658 - INFO - Analisando: Wspleiloes
2026-01-20 11:22:40,230 - INFO -    Tipo: OFFLINE | Itens: None | Paginas: None
2026-01-20 11:22:41,732 - INFO - 
[252/289] ========================================
2026-01-20 11:22:41,732 - INFO - Analisando: Whleiloes
2026-01-20 11:22:41,869 - INFO -    Tipo: OFFLINE | Itens: None | Paginas: None
2026-01-20 11:22:43,373 - INFO - 
[253/289] ========================================
2026-01-20 11:22:43,373 - INFO - Analisando: Superlanceleilao
2026-01-20 11:22:43,429 - INFO -    Tipo: OFFLINE | Itens: None | Paginas: None
2026-01-20 11:22:44,944 - INFO - 
[254/289] ========================================
2026-01-20 11:22:44,945 - INFO - Analisando: Wmleiloes
2026-01-20 11:22:48,445 - INFO -    Tipo: OFFLINE | Itens: None | Paginas: None
2026-01-20 11:22:49,958 - INFO - 
[255/289] ========================================
2026-01-20 11:22:49,959 - INFO - Analisando: Horizonteleiloes
2026-01-20 11:22:54,793 - INFO -    Tipo: SINGLE_PAGE | Itens: None | Paginas: 1
2026-01-20 11:22:56,297 - INFO - 
[256/289] ========================================
2026-01-20 11:22:56,297 - INFO - Analisando: Tabaleiloes
2026-01-20 11:22:57,748 - INFO -    Tipo: OFFLINE | Itens: None | Paginas: None
2026-01-20 11:22:59,263 - INFO - 
[257/289] ========================================
2026-01-20 11:22:59,263 - INFO - Analisando: Akimotoleiloes
2026-01-20 11:23:00,630 - INFO -    Tipo: OFFLINE | Itens: None | Paginas: None
2026-01-20 11:23:02,140 - INFO - 
[258/289] ========================================
2026-01-20 11:23:02,140 - INFO - Analisando: Ricoleiloes
2026-01-20 11:23:03,776 - INFO -    Tipo: OFFLINE | Itens: None | Paginas: None
2026-01-20 11:23:05,287 - INFO - 
[259/289] ========================================
2026-01-20 11:23:05,290 - INFO - Analisando: Rocketleiloes
2026-01-20 11:23:15,440 - INFO -    Tipo: TABS_FILTER | Itens: None | Paginas: None
2026-01-20 11:23:16,953 - INFO - 
[260/289] ========================================
2026-01-20 11:23:16,955 - INFO - Analisando: Ktzleiloes
2026-01-20 11:23:18,554 - INFO -    Tipo: OFFLINE | Itens: None | Paginas: None
2026-01-20 11:23:20,067 - INFO - 
[261/289] ========================================
2026-01-20 11:23:20,068 - INFO - Analisando: Granadoleiloes
2026-01-20 11:23:20,491 - INFO -    Tipo: OFFLINE | Itens: None | Paginas: None
2026-01-20 11:23:22,001 - INFO - 
[262/289] ========================================
2026-01-20 11:23:22,003 - INFO - Analisando: Bigleilao
2026-01-20 11:23:27,895 - INFO -    Tipo: TABS_FILTER | Itens: None | Paginas: None
2026-01-20 11:23:29,409 - INFO - 
[263/289] ========================================
2026-01-20 11:23:29,409 - INFO - Analisando: Arenaleiloes
2026-01-20 11:23:31,164 - INFO -    Tipo: OFFLINE | Itens: None | Paginas: None
2026-01-20 11:23:32,676 - INFO - 
[264/289] ========================================
2026-01-20 11:23:32,678 - INFO - Analisando: Amaralleiloes
2026-01-20 11:23:33,990 - INFO -    Tipo: OFFLINE | Itens: None | Paginas: None
2026-01-20 11:23:35,501 - INFO - 
[265/289] ========================================
2026-01-20 11:23:35,501 - INFO - Analisando: Leiloaria
2026-01-20 11:23:45,307 - INFO -    Tipo: TABS_FILTER | Itens: None | Paginas: None
2026-01-20 11:23:46,819 - INFO - 
[266/289] ========================================
2026-01-20 11:23:46,819 - INFO - Analisando: Pactoleiloes
2026-01-20 11:23:59,438 - INFO -    Tipo: SINGLE_PAGE | Itens: None | Paginas: 1
2026-01-20 11:24:00,945 - INFO - 
[267/289] ========================================
2026-01-20 11:24:00,946 - INFO - Analisando: Sublimeleiloes
2026-01-20 11:24:02,663 - INFO -    Tipo: OFFLINE | Itens: None | Paginas: None
2026-01-20 11:24:04,167 - INFO - 
[268/289] ========================================
2026-01-20 11:24:04,167 - INFO - Analisando: Valeroleiloes
2026-01-20 11:24:06,574 - INFO -    Tipo: OFFLINE | Itens: None | Paginas: None
2026-01-20 11:24:08,082 - INFO - 
[269/289] ========================================
2026-01-20 11:24:08,082 - INFO - Analisando: Gustavomorettoleiloeiro
2026-01-20 11:24:08,553 - INFO -    Tipo: OFFLINE | Itens: None | Paginas: None
2026-01-20 11:24:10,059 - INFO - 
[270/289] ========================================
2026-01-20 11:24:10,061 - INFO - Analisando: Desantileiloes
2026-01-20 11:24:17,848 - INFO -    Tipo: TABS_FILTER | Itens: None | Paginas: None
2026-01-20 11:24:17,877 - INFO - Checkpoint salvo: logs\mapeamento_paginacao_v2\checkpoint_270.json
2026-01-20 11:24:19,401 - INFO - 
[271/289] ========================================
2026-01-20 11:24:19,402 - INFO - Analisando: Maisleilao
2026-01-20 11:24:20,297 - INFO -    Tipo: OFFLINE | Itens: None | Paginas: None
2026-01-20 11:24:21,798 - INFO - 
[272/289] ========================================
2026-01-20 11:24:21,799 - INFO - Analisando: Leilaoeletronico
2026-01-20 11:24:24,131 - INFO -    Tipo: OFFLINE | Itens: None | Paginas: None
2026-01-20 11:24:25,636 - INFO - 
[273/289] ========================================
2026-01-20 11:24:25,636 - INFO - Analisando: Cardosoleiloes
2026-01-20 11:24:27,428 - INFO -    Tipo: OFFLINE | Itens: None | Paginas: None
2026-01-20 11:24:28,939 - INFO - 
[274/289] ========================================
2026-01-20 11:24:28,939 - INFO - Analisando: Tribunaleiloes
2026-01-20 11:24:30,502 - INFO -    Tipo: OFFLINE | Itens: None | Paginas: None
2026-01-20 11:24:32,009 - INFO - 
[275/289] ========================================
2026-01-20 11:24:32,010 - INFO - Analisando: Dbmleiloes
2026-01-20 11:24:40,912 - INFO -    Tipo: SINGLE_PAGE | Itens: None | Paginas: 1
2026-01-20 11:24:42,424 - INFO - 
[276/289] ========================================
2026-01-20 11:24:42,425 - INFO - Analisando: Dhleiloes
2026-01-20 11:24:48,645 - INFO -    Tipo: SINGLE_PAGE | Itens: None | Paginas: 1
2026-01-20 11:24:50,158 - INFO - 
[277/289] ========================================
2026-01-20 11:24:50,158 - INFO - Analisando: Clebercardosoleiloes
2026-01-20 11:24:58,710 - INFO -    Tipo: TABS_FILTER | Itens: None | Paginas: None
2026-01-20 11:25:00,224 - INFO - 
[278/289] ========================================
2026-01-20 11:25:00,225 - INFO - Analisando: Leffaleiloes
2026-01-20 11:25:01,719 - INFO -    Tipo: OFFLINE | Itens: None | Paginas: None
2026-01-20 11:25:03,236 - INFO - 
[279/289] ========================================
2026-01-20 11:25:03,238 - INFO - Analisando: Rmcleiloes
2026-01-20 11:25:12,153 - INFO -    Tipo: TABS_FILTER | Itens: None | Paginas: None
2026-01-20 11:25:13,658 - INFO - 
[280/289] ========================================
2026-01-20 11:25:13,659 - INFO - Analisando: Calilleiloes
2026-01-20 11:25:23,909 - INFO -    Tipo: TABS_FILTER | Itens: None | Paginas: None
2026-01-20 11:25:25,421 - INFO - 
[281/289] ========================================
2026-01-20 11:25:25,421 - INFO - Analisando: Faroonline
2026-01-20 11:25:32,838 - INFO -    Tipo: TABS_FILTER | Itens: 4 | Paginas: None
2026-01-20 11:25:34,343 - INFO - 
[282/289] ========================================
2026-01-20 11:25:34,343 - INFO - Analisando: Rigolonleiloes
2026-01-20 11:25:35,077 - INFO -    Tipo: OFFLINE | Itens: None | Paginas: None
2026-01-20 11:25:36,586 - INFO - 
[283/289] ========================================
2026-01-20 11:25:36,586 - INFO - Analisando: Leiloesjudiciaisrs
2026-01-20 11:25:37,360 - INFO -    Tipo: OFFLINE | Itens: None | Paginas: None
2026-01-20 11:25:38,870 - INFO - 
[284/289] ========================================
2026-01-20 11:25:38,870 - INFO - Analisando: Mega Leilões
2026-01-20 11:25:48,384 - INFO -    Tipo: NUMERIC | Itens: None | Paginas: 17
2026-01-20 11:25:49,889 - INFO - 
[285/289] ========================================
2026-01-20 11:25:49,890 - INFO - Analisando: Joelreisleiloes
2026-01-20 11:25:50,641 - INFO -    Tipo: OFFLINE | Itens: None | Paginas: None
2026-01-20 11:25:52,149 - INFO - 
[286/289] ========================================
2026-01-20 11:25:52,150 - INFO - Analisando: Gustavoreisleiloes
2026-01-20 11:26:00,822 - WARNING - VALIDACAO FALHOU: Gustavoreisleiloes - Esperado SINGLE_PAGE, obtido TABS_FILTER
2026-01-20 11:26:00,822 - INFO -    Tipo: TABS_FILTER | Itens: 8 | Paginas: None
2026-01-20 11:26:02,337 - INFO - 
[287/289] ========================================
2026-01-20 11:26:02,338 - INFO - Analisando: Leiloeiropublico
2026-01-20 11:26:03,069 - INFO -    Tipo: OFFLINE | Itens: None | Paginas: None
2026-01-20 11:26:04,574 - INFO - 
[288/289] ========================================
2026-01-20 11:26:04,575 - INFO - Analisando: Lunellileiloes
2026-01-20 11:26:05,342 - INFO -    Tipo: OFFLINE | Itens: None | Paginas: None
2026-01-20 11:26:06,855 - INFO - 
[289/289] ========================================
2026-01-20 11:26:06,856 - INFO - Analisando: Oesteleiloes
2026-01-20 11:26:12,871 - INFO -    Tipo: SINGLE_PAGE | Itens: None | Paginas: 1
2026-01-20 11:26:22,399 - INFO - 
MAPEAMENTO CONCLUIDO!
2026-01-20 11:26:22,400 - INFO - JSON: logs\mapeamento_paginacao_v2\mapeamento_todos_20260120_112622.json
2026-01-20 11:26:22,400 - INFO - Markdown: logs\mapeamento_paginacao_v2\RELATORIO_MAPEAMENTO_TODOS_20260120_112622.md
2026-01-20 11:26:22,400 - WARNING - ATENCAO: 2 erros de validacao!
